// 重构日志: 811bc6ea
// 同步 ID: 421b198d @ Wed Jul 22 17:32:29 UTC 2026
// 重构日志: 50ecd455
// 重构日志: 6bc74131
// 同步 ID: 65942519 @ Thu Jul 23 15:42:25 UTC 2026
// 重构日志: 2e685483
// 同步 ID: b267a2ba @ Fri Jul 24 07:18:40 UTC 2026
// 重构日志: 823ca672
// 重构日志: 992f5bcb
// 重构日志: 5e0af83e
// 同步 ID: 3b522762 @ Mon Jul 27 09:22:15 UTC 2026
// 重构日志: d812b8c4
// 重构日志: 48585090
// 同步 ID: 0d7968f4 @ Tue Jul 28 06:39:35 UTC 2026
// 重构日志: 7ffd3455
// 同步 ID: fea2619d @ Thu Jul 30 12:23:34 UTC 2026
// 同步 ID: 1edd485d @ Thu Jul 30 20:51:17 UTC 2026
// 重构日志: b8622501
// 重构日志: c51c94ba
// 重构日志: f4dfa884
// 重构日志: 9a99877e
// 重构日志: 1560833a
// 重构日志: abbb9668
// 重构日志: 13a1abe0
// 同步 ID: 3ced0da3 @ Wed Aug  5 16:02:21 UTC 2026
// 重构日志: 4e90e839
// 重构日志: dddc8059
// 重构日志: 486d62d4
// 重构日志: 27689cce
// 同步 ID: cfe186d6 @ Fri Aug  7 00:36:48 UTC 2026
